Archive member included to satisfy reference by file (symbol)

D:/ST/STM32CubeIDE_1.13.2/STM32CubeIDE/plugins/com.st.stm32cube.ide.mcu.externaltools.gnu-tools-for-stm32.11.3.rel1.win32_1.1.1.202309131626/tools/bin/../lib/gcc/arm-none-eabi/11.3.1/../../../../arm-none-eabi/lib/thumb/v7e-m+fp/hard\libc_nano.a(libc_a-exit.o)
                              D:/ST/STM32CubeIDE_1.13.2/STM32CubeIDE/plugins/com.st.stm32cube.ide.mcu.externaltools.gnu-tools-for-stm32.11.3.rel1.win32_1.1.1.202309131626/tools/bin/../lib/gcc/arm-none-eabi/11.3.1/../../../../arm-none-eabi/lib/thumb/v7e-m+fp/hard/crt0.o (exit)
D:/ST/STM32CubeIDE_1.13.2/STM32CubeIDE/plugins/com.st.stm32cube.ide.mcu.externaltools.gnu-tools-for-stm32.11.3.rel1.win32_1.1.1.202309131626/tools/bin/../lib/gcc/arm-none-eabi/11.3.1/../../../../arm-none-eabi/lib/thumb/v7e-m+fp/hard\libc_nano.a(libc_a-findfp.o)
                              D:/ST/STM32CubeIDE_1.13.2/STM32CubeIDE/plugins/com.st.stm32cube.ide.mcu.externaltools.gnu-tools-for-stm32.11.3.rel1.win32_1.1.1.202309131626/tools/bin/../lib/gcc/arm-none-eabi/11.3.1/../../../../arm-none-eabi/lib/thumb/v7e-m+fp/hard\libc_nano.a(libc_a-exit.o) (__stdio_exit_handler)
D:/ST/STM32CubeIDE_1.13.2/STM32CubeIDE/plugins/com.st.stm32cube.ide.mcu.externaltools.gnu-tools-for-stm32.11.3.rel1.win32_1.1.1.202309131626/tools/bin/../lib/gcc/arm-none-eabi/11.3.1/../../../../arm-none-eabi/lib/thumb/v7e-m+fp/hard\libc_nano.a(libc_a-fwalk.o)
                              D:/ST/STM32CubeIDE_1.13.2/STM32CubeIDE/plugins/com.st.stm32cube.ide.mcu.externaltools.gnu-tools-for-stm32.11.3.rel1.win32_1.1.1.202309131626/tools/bin/../lib/gcc/arm-none-eabi/11.3.1/../../../../arm-none-eabi/lib/thumb/v7e-m+fp/hard\libc_nano.a(libc_a-findfp.o) (_fwalk_sglue)
D:/ST/STM32CubeIDE_1.13.2/STM32CubeIDE/plugins/com.st.stm32cube.ide.mcu.externaltools.gnu-tools-for-stm32.11.3.rel1.win32_1.1.1.202309131626/tools/bin/../lib/gcc/arm-none-eabi/11.3.1/../../../../arm-none-eabi/lib/thumb/v7e-m+fp/hard\libc_nano.a(libc_a-stdio.o)
                              D:/ST/STM32CubeIDE_1.13.2/STM32CubeIDE/plugins/com.st.stm32cube.ide.mcu.externaltools.gnu-tools-for-stm32.11.3.rel1.win32_1.1.1.202309131626/tools/bin/../lib/gcc/arm-none-eabi/11.3.1/../../../../arm-none-eabi/lib/thumb/v7e-m+fp/hard\libc_nano.a(libc_a-findfp.o) (__sread)
D:/ST/STM32CubeIDE_1.13.2/STM32CubeIDE/plugins/com.st.stm32cube.ide.mcu.externaltools.gnu-tools-for-stm32.11.3.rel1.win32_1.1.1.202309131626/tools/bin/../lib/gcc/arm-none-eabi/11.3.1/../../../../arm-none-eabi/lib/thumb/v7e-m+fp/hard\libc_nano.a(libc_a-memset.o)
                              D:/ST/STM32CubeIDE_1.13.2/STM32CubeIDE/plugins/com.st.stm32cube.ide.mcu.externaltools.gnu-tools-for-stm32.11.3.rel1.win32_1.1.1.202309131626/tools/bin/../lib/gcc/arm-none-eabi/11.3.1/../../../../arm-none-eabi/lib/thumb/v7e-m+fp/hard/crt0.o (memset)
D:/ST/STM32CubeIDE_1.13.2/STM32CubeIDE/plugins/com.st.stm32cube.ide.mcu.externaltools.gnu-tools-for-stm32.11.3.rel1.win32_1.1.1.202309131626/tools/bin/../lib/gcc/arm-none-eabi/11.3.1/../../../../arm-none-eabi/lib/thumb/v7e-m+fp/hard\libc_nano.a(libc_a-closer.o)
                              D:/ST/STM32CubeIDE_1.13.2/STM32CubeIDE/plugins/com.st.stm32cube.ide.mcu.externaltools.gnu-tools-for-stm32.11.3.rel1.win32_1.1.1.202309131626/tools/bin/../lib/gcc/arm-none-eabi/11.3.1/../../../../arm-none-eabi/lib/thumb/v7e-m+fp/hard\libc_nano.a(libc_a-stdio.o) (_close_r)
D:/ST/STM32CubeIDE_1.13.2/STM32CubeIDE/plugins/com.st.stm32cube.ide.mcu.externaltools.gnu-tools-for-stm32.11.3.rel1.win32_1.1.1.202309131626/tools/bin/../lib/gcc/arm-none-eabi/11.3.1/../../../../arm-none-eabi/lib/thumb/v7e-m+fp/hard\libc_nano.a(libc_a-reent.o)
                              D:/ST/STM32CubeIDE_1.13.2/STM32CubeIDE/plugins/com.st.stm32cube.ide.mcu.externaltools.gnu-tools-for-stm32.11.3.rel1.win32_1.1.1.202309131626/tools/bin/../lib/gcc/arm-none-eabi/11.3.1/../../../../arm-none-eabi/lib/thumb/v7e-m+fp/hard\libc_nano.a(libc_a-closer.o) (errno)
D:/ST/STM32CubeIDE_1.13.2/STM32CubeIDE/plugins/com.st.stm32cube.ide.mcu.externaltools.gnu-tools-for-stm32.11.3.rel1.win32_1.1.1.202309131626/tools/bin/../lib/gcc/arm-none-eabi/11.3.1/../../../../arm-none-eabi/lib/thumb/v7e-m+fp/hard\libc_nano.a(libc_a-impure.o)
                              D:/ST/STM32CubeIDE_1.13.2/STM32CubeIDE/plugins/com.st.stm32cube.ide.mcu.externaltools.gnu-tools-for-stm32.11.3.rel1.win32_1.1.1.202309131626/tools/bin/../lib/gcc/arm-none-eabi/11.3.1/../../../../arm-none-eabi/lib/thumb/v7e-m+fp/hard\libc_nano.a(libc_a-reent.o) (_impure_ptr)
D:/ST/STM32CubeIDE_1.13.2/STM32CubeIDE/plugins/com.st.stm32cube.ide.mcu.externaltools.gnu-tools-for-stm32.11.3.rel1.win32_1.1.1.202309131626/tools/bin/../lib/gcc/arm-none-eabi/11.3.1/../../../../arm-none-eabi/lib/thumb/v7e-m+fp/hard\libc_nano.a(libc_a-lseekr.o)
[...]
Memory Configuration

Name             Origin             Length             Attributes
CCMRAM           0x0000000010000000 0x0000000000010000 xrw
RAM              0x0000000020000000 0x0000000000020000 xrw
FLASH            0x0000000008000000 0x0000000000100000 xr
*default*        0x0000000000000000 0xffffffffffffffff

Linker script and memory map

LOAD D:/ST/STM32CubeIDE_1.13.2/STM32CubeIDE/plugins/com.st.stm32cube.ide.mcu.externaltools.gnu-tools-for-stm32.11.3.rel1.win32_1.1.1.202309131626/tools/bin/../lib/gcc/arm-none-eabi/11.3.1/thumb/v7e-m+fp/hard/crti.o
LOAD D:/ST/STM32CubeIDE_1.13.2/STM32CubeIDE/plugins/com.st.stm32cube.ide.mcu.externaltools.gnu-tools-for-stm32.11.3.rel1.win32_1.1.1.202309131626/tools/bin/../lib/gcc/arm-none-eabi/11.3.1/thumb/v7e-m+fp/hard/crtbegin.o
LOAD D:/ST/STM32CubeIDE_1.13.2/STM32CubeIDE/plugins/com.st.stm32cube.ide.mcu.externaltools.gnu-tools-for-stm32.11.3.rel1.win32_1.1.1.202309131626/tools/bin/../lib/gcc/arm-none-eabi/11.3.1/../../../../arm-none-eabi/lib/thumb/v7e-m+fp/hard/crt0.o
LOAD ./Src/main.o
LOAD ./Src/syscalls.o
LOAD ./Src/sysmem.o
LOAD ./Src/uart.o
LOAD ./Startup/startup_stm32f407vgtx.o
START GROUP
LOAD D:/ST/STM32CubeIDE_1.13.2/STM32CubeIDE/plugins/com.st.stm32cube.ide.mcu.externaltools.gnu-tools-for-stm32.11.3.rel1.win32_1.1.1.202309131626/tools/bin/../lib/gcc/arm-none-eabi/11.3.1/../../../../arm-none-eabi/lib/thumb/v7e-m+fp/hard\libc_nano.a
LOAD D:/ST/STM32CubeIDE_1.13.2/STM32CubeIDE/plugins/com.st.stm32cube.ide.mcu.externaltools.gnu-tools-for-stm32.11.3.rel1.win32_1.1.1.202309131626/tools/bin/../lib/gcc/arm-none-eabi/11.3.1/../../../../arm-none-eabi/lib/thumb/v7e-m+fp/hard\libm.a
END GROUP
START GROUP
LOAD D:/ST/STM32CubeIDE_1.13.2/STM32CubeIDE/plugins/com.st.stm32cube.ide.mcu.externaltools.gnu-tools-for-stm32.11.3.rel1.win32_1.1.1.202309131626/tools/bin/../lib/gcc/arm-none-eabi/11.3.1/thumb/v7e-m+fp/hard\libgcc.a
LOAD D:/ST/STM32CubeIDE_1.13.2/STM32CubeIDE/plugins/com.st.stm32cube.ide.mcu.externaltools.gnu-tools-for-stm32.11.3.rel1.win32_1.1.1.202309131626/tools/bin/../lib/gcc/arm-none-eabi/11.3.1/../../../../arm-none-eabi/lib/thumb/v7e-m+fp/hard\libc_nano.a
END GROUP
START GROUP
LOAD D:/ST/STM32CubeIDE_1.13.2/STM32CubeIDE/plugins/com.st.stm32cube.ide.mcu.externaltools.gnu-tools-for-stm32.11.3.rel1.win32_1.1.1.202309131626/tools/bin/../lib/gcc/arm-none-eabi/11.3.1/thumb/v7e-m+fp/hard\libgcc.a
LOAD D:/ST/STM32CubeIDE_1.13.2/STM32CubeIDE/plugins/com.st.stm32cube.ide.mcu.externaltools.gnu-tools-for-stm32.11.3.rel1.win32_1.1.1.202309131626/tools/bin/../lib/gcc/arm-none-eabi/11.3.1/../../../../arm-none-eabi/lib/thumb/v7e-m+fp/hard\libc_nano.a
LOAD D:/ST/STM32CubeIDE_1.13.2/STM32CubeIDE/plugins/com.st.stm32cube.ide.mcu.externaltools.gnu-tools-for-stm32.11.3.rel1.win32_1.1.1.202309131626/tools/bin/../lib/gcc/arm-none-eabi/11.3.1/../../../../arm-none-eabi/lib/thumb/v7e-m+fp/hard\libnosys.a
END GROUP
START GROUP
LOAD D:/ST/STM32CubeIDE_1.13.2/STM32CubeIDE/plugins/com.st.stm32cube.ide.mcu.externaltools.gnu-tools-for-stm32.11.3.rel1.win32_1.1.1.202309131626/tools/bin/../lib/gcc/arm-none-eabi/11.3.1/thumb/v7e-m+fp/hard\libgcc.a
LOAD D:/ST/STM32CubeIDE_1.13.2/STM32CubeIDE/plugins/com.st.stm32cube.ide.mcu.externaltools.gnu-tools-for-stm32.11.3.rel1.win32_1.1.1.202309131626/tools/bin/../lib/gcc/arm-none-eabi/11.3.1/../../../../arm-none-eabi/lib/thumb/v7e-m+fp/hard\libc_nano.a
LOAD D:/ST/STM32CubeIDE_1.13.2/STM32CubeIDE/plugins/com.st.stm32cube.ide.mcu.externaltools.gnu-tools-for-stm32.11.3.rel1.win32_1.1.1.202309131626/tools/bin/../lib/gcc/arm-none-eabi/11.3.1/../../../../arm-none-eabi/lib/thumb/v7e-m+fp/hard\libnosys.a
END GROUP
LOAD D:/ST/STM32CubeIDE_1.13.2/STM32CubeIDE/plugins/com.st.stm32cube.ide.mcu.externaltools.gnu-tools-for-stm32.11.3.rel1.win32_1.1.1.202309131626/tools/bin/../lib/gcc/arm-none-eabi/11.3.1/thumb/v7e-m+fp/hard/crtend.o
LOAD D:/ST/STM32CubeIDE_1.13.2/STM32CubeIDE/plugins/com.st.stm32cube.ide.mcu.externaltools.gnu-tools-for-stm32.11.3.rel1.win32_1.1.1.202309131626/tools/bin/../lib/gcc/arm-none-eabi/11.3.1/thumb/v7e-m+fp/hard/crtn.o
                0x0000000020020000                _estack = (ORIGIN (RAM) + LENGTH (RAM))
                0x0000000000000200                _Min_Heap_Size = 0x200
                0x0000000000000400                _Min_Stack_Size = 0x400

.isr_vector     0x0000000008000000      0x1a8
                0x0000000008000000                . = ALIGN (0x4)
 *(.isr_vector)
 .isr_vector    0x0000000008000000      0x1a8 ./Startup/startup_stm32f407vgtx.o
                0x0000000008000000                g_pfnVectors
                0x00000000080001a8                . = ALIGN (0x4)

.text           0x00000000080001a8      0x5e4
                0x00000000080001a8                . = ALIGN (0x4)
 *(.text)
 .text          0x00000000080001a8       0x40 D:/ST/STM32CubeIDE_1.13.2/STM32CubeIDE/plugins/com.st.stm32cube.ide.mcu.externaltools.gnu-tools-for-stm32.11.3.rel1.win32_1.1.1.202309131626/tools/bin/../lib/gcc/arm-none-eabi/11.3.1/thumb/v7e-m+fp/hard/crtbegin.o
 *(.text*)
 .text.LightsOn
                0x00000000080001e8       0x44 ./Src/main.o
                0x00000000080001e8                LightsOn
 .text.LightsOff
                0x000000000800022c       0x44 ./Src/main.o
                0x000000000800022c                LightsOff
 .text.main     0x0000000008000270       0x80 ./Src/main.o
                0x0000000008000270                main
 .text.USART2_IRQ_callback
                0x00000000080002f0       0x8c ./Src/main.o
 .text.USART2_IRQHandler
                0x000000000800037c       0x1c ./Src/main.o
                0x000000000800037c                USART2_IRQHandler
 .text.handleLightInput
                0x0000000008000398       0x70 ./Src/main.o
                0x0000000008000398                handleLightInput
 .text.flashLights
                0x0000000008000408       0x58 ./Src/main.o
                0x0000000008000408                flashLights
 .text.spinLights
                0x0000000008000460       0xbc ./Src/main.o
                0x0000000008000460                spinLights
 .text.compareElements
                0x000000000800051c       0x2e ./Src/main.o
                0x000000000800051c                compareElements
 *fill*         0x000000000800054a        0x2 
 .text.__NVIC_EnableIRQ
                0x000000000800054c       0x3c ./Src/uart.o
 .text.compute_uart_div
                0x0000000008000588       0x26 ./Src/uart.o
 .text.uart_set_baudrate
                0x00000000080005ae       0x24 ./Src/uart.o
 *fill*         0x00000000080005d2        0x2 
 .text.uart2_rx_interrupt_init
                0x00000000080005d4      0x104 ./Src/uart.o
                0x00000000080005d4                uart2_rx_interrupt_init
 .text.Reset_Handler
                0x00000000080006d8       0x50 ./Startup/startup_stm32f407vgtx.o
                0x00000000080006d8                Reset_Handler
 .text.Default_Handler
                0x0000000008000728        0x2 ./Startup/startup_stm32f407vgtx.o
                0x0000000008000728                RTC_Alarm_IRQHandler
                0x0000000008000728                HASH_RNG_IRQHandler
                0x0000000008000728                EXTI2_IRQHandler
                0x0000000008000728                TIM8_CC_IRQHandler
                0x0000000008000728                DebugMon_Handler
                0x0000000008000728                TIM1_CC_IRQHandler
                0x0000000008000728                DMA2_Stream5_IRQHandler
                0x0000000008000728                HardFault_Handler
                0x0000000008000728                DMA1_Stream5_IRQHandler
                0x0000000008000728                SysTick_Handler
                0x0000000008000728                PVD_IRQHandler
                0x0000000008000728                SDIO_IRQHandler
                0x0000000008000728                TAMP_STAMP_IRQHandler
                0x0000000008000728                PendSV_Handler
                0x0000000008000728                NMI_Handler
                0x0000000008000728                CAN2_RX1_IRQHandler
                0x0000000008000728                EXTI3_IRQHandler
                0x0000000008000728                TIM8_TRG_COM_TIM14_IRQHandler
                0x0000000008000728                TIM1_UP_TIM10_IRQHandler
                0x0000000008000728                TIM8_UP_TIM13_IRQHandler
                0x0000000008000728                I2C3_ER_IRQHandler
                0x0000000008000728                LCD_TFT_IRQHandler
                0x0000000008000728                EXTI0_IRQHandler
                0x0000000008000728                I2C2_EV_IRQHandler
                0x0000000008000728                DMA1_Stream2_IRQHandler
                0x0000000008000728                CAN1_RX0_IRQHandler
                0x0000000008000728                FPU_IRQHandler
                0x0000000008000728                OTG_HS_WKUP_IRQHandler
                0x0000000008000728                UsageFault_Handler
                0x0000000008000728                CAN2_SCE_IRQHandler
                0x0000000008000728                DMA2_Stream2_IRQHandler
                0x0000000008000728                SPI1_IRQHandler
                0x0000000008000728                TIM6_DAC_IRQHandler
                0x0000000008000728                TIM1_BRK_TIM9_IRQHandler
                0x0000000008000728                DCMI_IRQHandler
                0x0000000008000728                CAN2_RX0_IRQHandler
                0x0000000008000728                DMA2_Stream3_IRQHandler
                0x0000000008000728                USART6_IRQHandler
                0x0000000008000728                USART3_IRQHandler
                0x0000000008000728                CRYP_IRQHandler
                0x0000000008000728                CAN1_RX1_IRQHandler
                0x0000000008000728                UART5_IRQHandler
                0x0000000008000728                DMA2_Stream0_IRQHandler
                0x0000000008000728                TIM4_IRQHandler
                0x0000000008000728                I2C1_EV_IRQHandler
                0x0000000008000728                DMA1_Stream6_IRQHandler
                0x0000000008000728                DMA1_Stream1_IRQHandler
                0x0000000008000728                UART4_IRQHandler
                0x0000000008000728                LCD_TFT_1_IRQHandler
                0x0000000008000728                TIM3_IRQHandler
                0x0000000008000728                RCC_IRQHandler
                0x0000000008000728                TIM8_BRK_TIM12_IRQHandler
                0x0000000008000728                Default_Handler
                0x0000000008000728                EXTI15_10_IRQHandler
                0x0000000008000728                ADC_IRQHandler
                0x0000000008000728                DMA1_Stream7_IRQHandler
                0x0000000008000728                TIM7_IRQHandler
                0x0000000008000728                CAN2_TX_IRQHandler
                0x0000000008000728                TIM5_IRQHandler
                0x0000000008000728                DMA2_Stream7_IRQHandler
                0x0000000008000728                I2C3_EV_IRQHandler
                0x0000000008000728                EXTI9_5_IRQHandler
                0x0000000008000728                RTC_WKUP_IRQHandler
                0x0000000008000728                ETH_WKUP_IRQHandler
                0x0000000008000728                SPI2_IRQHandler
                0x0000000008000728                OTG_HS_EP1_IN_IRQHandler
                0x0000000008000728                MemManage_Handler
                0x0000000008000728                DMA1_Stream0_IRQHandler
                0x0000000008000728                CAN1_TX_IRQHandler
                0x0000000008000728                SVC_Handler
                0x0000000008000728                EXTI4_IRQHandler
                0x0000000008000728                FSMC_IRQHandler
                0x0000000008000728                ETH_IRQHandler
                0x0000000008000728                OTG_HS_EP1_OUT_IRQHandler
                0x0000000008000728                WWDG_IRQHandler
                0x0000000008000728                TIM2_IRQHandler
                0x0000000008000728                OTG_FS_WKUP_IRQHandler
                0x0000000008000728                TIM1_TRG_COM_TIM11_IRQHandler
                0x0000000008000728                OTG_HS_IRQHandler
                0x0000000008000728                EXTI1_IRQHandler
                0x0000000008000728                I2C2_ER_IRQHandler
                0x0000000008000728                DMA2_Stream1_IRQHandler
                0x0000000008000728                CAN1_SCE_IRQHandler
                0x0000000008000728                DMA2_Stream4_IRQHandler
                0x0000000008000728                BusFault_Handler
                0x0000000008000728                USART1_IRQHandler
                0x0000000008000728                OTG_FS_IRQHandler
                0x0000000008000728                SPI3_IRQHandler
                0x0000000008000728                DMA1_Stream4_IRQHandler
                0x0000000008000728                I2C1_ER_IRQHandler
                0x0000000008000728                DMA2_Stream6_IRQHandler
                0x0000000008000728                DMA1_Stream3_IRQHandler
 *fill*         0x000000000800072a        0x2 
 .text.__libc_init_array
                0x000000000800072c       0x48 D:/ST/STM32CubeIDE_1.13.2/STM32CubeIDE/plugins/com.st.stm32cube.ide.mcu.externaltools.gnu-tools-for-stm32.11.3.rel1.win32_1.1.1.202309131626/tools/bin/../lib/gcc/arm-none-eabi/11.3.1/../../../../arm-none-eabi/lib/thumb/v7e-m+fp/hard\libc_nano.a(libc_a-init.o)
                0x000000000800072c                __libc_init_array
 *(.glue_7)
 .glue_7        0x0000000008000774        0x0 linker stubs
 *(.glue_7t)
 .glue_7t       0x0000000008000774        0x0 linker stubs
 *(.eh_frame)
 .eh_frame      0x0000000008000774        0x0 D:/ST/STM32CubeIDE_1.13.2/STM32CubeIDE/plugins/com.st.stm32cube.ide.mcu.externaltools.gnu-tools-for-stm32.11.3.rel1.win32_1.1.1.202309131626/tools/bin/../lib/gcc/arm-none-eabi/11.3.1/thumb/v7e-m+fp/hard/crtbegin.o
 *(.init)
 .init          0x0000000008000774        0x4 D:/ST/STM32CubeIDE_1.13.2/STM32CubeIDE/plugins/com.st.stm32cube.ide.mcu.externaltools.gnu-tools-for-stm32.11.3.rel1.win32_1.1.1.202309131626/tools/bin/../lib/gcc/arm-none-eabi/11.3.1/thumb/v7e-m+fp/hard/crti.o
                0x0000000008000774                _init
 .init          0x0000000008000778        0x8 D:/ST/STM32CubeIDE_1.13.2/STM32CubeIDE/plugins/com.st.stm32cube.ide.mcu.externaltools.gnu-tools-for-stm32.11.3.rel1.win32_1.1.1.202309131626/tools/bin/../lib/gcc/arm-none-eabi/11.3.1/thumb/v7e-m+fp/hard/crtn.o
 *(.fini)
 .fini          0x0000000008000780        0x4 D:/ST/STM32CubeIDE_1.13.2/STM32CubeIDE/plugins/com.st.stm32cube.ide.mcu.externaltools.gnu-tools-for-stm32.11.3.rel1.win32_1.1.1.202309131626/tools/bin/../lib/gcc/arm-none-eabi/11.3.1/thumb/v7e-m+fp/hard/crti.o
                0x0000000008000780                _fini
 .fini          0x0000000008000784        0x8 D:/ST/STM32CubeIDE_1.13.2/STM32CubeIDE/plugins/com.st.stm32cube.ide.mcu.externaltools.gnu-tools-for-stm32.11.3.rel1.win32_1.1.1.202309131626/tools/bin/../lib/gcc/arm-none-eabi/11.3.1/thumb/v7e-m+fp/hard/crtn.o
                0x000000000800078c                . = ALIGN (0x4)
                0x000000000800078c                _etext = .

.vfp11_veneer   0x000000000800078c        0x0
 .vfp11_veneer  0x000000000800078c        0x0 linker stubs

.v4_bx          0x000000000800078c        0x0
 .v4_bx         0x000000000800078c        0x0 linker stubs

.iplt           0x000000000800078c        0x0
 .iplt          0x000000000800078c        0x0 D:/ST/STM32CubeIDE_1.13.2/STM32CubeIDE/plugins/com.st.stm32cube.ide.mcu.externaltools.gnu-tools-for-stm32.11.3.rel1.win32_1.1.1.202309131626/tools/bin/../lib/gcc/arm-none-eabi/11.3.1/thumb/v7e-m+fp/hard/crtbegin.o

.rel.dyn        0x000000000800078c        0x0
 .rel.iplt      0x000000000800078c        0x0 D:/ST/STM32CubeIDE_1.13.2/STM32CubeIDE/plugins/com.st.stm32cube.ide.mcu.externaltools.gnu-tools-for-stm32.11.3.rel1.win32_1.1.1.202309131626/tools/bin/../lib/gcc/arm-none-eabi/11.3.1/thumb/v7e-m+fp/hard/crtbegin.o

.rodata         0x000000000800078c        0x0
                0x000000000800078c                . = ALIGN (0x4)
 *(.rodata)
 *(.rodata*)
                0x000000000800078c                . = ALIGN (0x4)

.ARM.extab      0x000000000800078c        0x0
                0x000000000800078c                . = ALIGN (0x4)
 *(.ARM.extab* .gnu.linkonce.armextab.*)
                0x000000000800078c                . = ALIGN (0x4)

.ARM            0x000000000800078c        0x0
                0x000000000800078c                . = ALIGN (0x4)
                0x000000000800078c                __exidx_start = .
 *(.ARM.exidx*)
                0x000000000800078c                __exidx_end = .
                0x000000000800078c                . = ALIGN (0x4)

.preinit_array  0x000000000800078c        0x0
                0x000000000800078c                . = ALIGN (0x4)
                0x000000000800078c                PROVIDE (__preinit_array_start = .)
 *(.preinit_array*)
                0x000000000800078c                PROVIDE (__preinit_array_end = .)
                0x000000000800078c                . = ALIGN (0x4)

.init_array     0x000000000800078c        0x4
                0x000000000800078c                . = ALIGN (0x4)
                0x000000000800078c                PROVIDE (__init_array_start = .)
 *(SORT_BY_NAME(.init_array.*))
 *(.init_array*)
 .init_array    0x000000000800078c        0x4 D:/ST/STM32CubeIDE_1.13.2/STM32CubeIDE/plugins/com.st.stm32cube.ide.mcu.externaltools.gnu-tools-for-stm32.11.3.rel1.win32_1.1.1.202309131626/tools/bin/../lib/gcc/arm-none-eabi/11.3.1/thumb/v7e-m+fp/hard/crtbegin.o
                0x0000000008000790                PROVIDE (__init_array_end = .)
                0x0000000008000790                . = ALIGN (0x4)

.fini_array     0x0000000008000790        0x4
                0x0000000008000790                . = ALIGN (0x4)
                [!provide]                        PROVIDE (__fini_array_start = .)
 *(SORT_BY_NAME(.fini_array.*))
 *(.fini_array*)
 .fini_array    0x0000000008000790        0x4 D:/ST/STM32CubeIDE_1.13.2/STM32CubeIDE/plugins/com.st.stm32cube.ide.mcu.externaltools.gnu-tools-for-stm32.11.3.rel1.win32_1.1.1.202309131626/tools/bin/../lib/gcc/arm-none-eabi/11.3.1/thumb/v7e-m+fp/hard/crtbegin.o
                [!provide]                        PROVIDE (__fini_array_end = .)
                0x0000000008000794                . = ALIGN (0x4)
                0x0000000008000794                _sidata = LOADADDR (.data)

.data           0x0000000020000000       0x14 load address 0x0000000008000794
                0x0000000020000000                . = ALIGN (0x4)
                0x0000000020000000                _sdata = .
 *(.data)
 *(.data*)
 .data.code     0x0000000020000000       0x10 ./Src/main.o
                0x0000000020000000                code
 .data.curridx  0x0000000020000010        0x4 ./Src/main.o
                0x0000000020000010                curridx
 *(.RamFunc)
 *(.RamFunc*)
                0x0000000020000014                . = ALIGN (0x4)
                0x0000000020000014                _edata = .
                0x00000000080007a8                _siccmram = LOADADDR (.ccmram)

.igot.plt       0x0000000020000014        0x0 load address 0x00000000080007a8
 .igot.plt      0x0000000020000014        0x0 D:/ST/STM32CubeIDE_1.13.2/STM32CubeIDE/plugins/com.st.stm32cube.ide.mcu.externaltools.gnu-tools-for-stm32.11.3.rel1.win32_1.1.1.202309131626/tools/bin/../lib/gcc/arm-none-eabi/11.3.1/thumb/v7e-m+fp/hard/crtbegin.o

.ccmram         0x0000000010000000        0x0 load address 0x00000000080007a8
                0x0000000010000000                . = ALIGN (0x4)
                0x0000000010000000                _sccmram = .
 *(.ccmram)
 *(.ccmram*)
                0x0000000010000000                . = ALIGN (0x4)
                0x0000000010000000                _eccmram = .
                0x0000000010000000                . = ALIGN (0x4)

.bss            0x0000000020000014       0x20
                0x0000000020000014                _sbss = .
                0x0000000020000014                __bss_start__ = _sbss
 *(.bss)
 .bss           0x0000000020000014       0x1c D:/ST/STM32CubeIDE_1.13.2/STM32CubeIDE/plugins/com.st.stm32cube.ide.mcu.externaltools.gnu-tools-for-stm32.11.3.rel1.win32_1.1.1.202309131626/tools/bin/../lib/gcc/arm-none-eabi/11.3.1/thumb/v7e-m+fp/hard/crtbegin.o
 *(.bss*)
 .bss.key       0x0000000020000030        0x1 ./Src/main.o
                0x0000000020000030                key
 *(COMMON)
                0x0000000020000034                . = ALIGN (0x4)
 *fill*         0x0000000020000031        0x3 
                0x0000000020000034                _ebss = .
                0x0000000020000034                __bss_end__ = _ebss

._user_heap_stack
                0x0000000020000034      0x604
                0x0000000020000038                . = ALIGN (0x8)
 *fill*         0x0000000020000034        0x4 
                [!provide]                        PROVIDE (end = .)
                0x0000000020000038                PROVIDE (_end = .)
                0x0000000020000238                . = (. + _Min_Heap_Size)
 *fill*         0x0000000020000038      0x200 
                0x0000000020000638                . = (. + _Min_Stack_Size)
 *fill*         0x0000000020000238      0x400 
                0x0000000020000638                . = ALIGN (0x8)

/DISCARD/
 libc.a(*)
 libm.a(*)
 libgcc.a(*)

.ARM.attributes
                0x0000000000000000       0x30
 *(.ARM.attributes)
 .ARM.attributes
                0x0000000000000000       0x1e D:/ST/STM32CubeIDE_1.13.2/STM32CubeIDE/plugins/com.st.stm32cube.ide.mcu.externaltools.gnu-tools-for-stm32.11.3.rel1.win32_1.1.1.202309131626/tools/bin/../lib/gcc/arm-none-eabi/11.3.1/thumb/v7e-m+fp/hard/crti.o
 .ARM.attributes
                0x000000000000001e       0x34 D:/ST/STM32CubeIDE_1.13.2/STM32CubeIDE/plugins/com.st.stm32cube.ide.mcu.externaltools.gnu-tools-for-stm32.11.3.rel1.win32_1.1.1.202309131626/tools/bin/../lib/gcc/arm-none-eabi/11.3.1/thumb/v7e-m+fp/hard/crtbegin.o
 .ARM.attributes
                0x0000000000000052       0x34 ./Src/main.o
 .ARM.attributes
                0x0000000000000086       0x34 ./Src/uart.o
 .ARM.attributes
                0x00000000000000ba       0x21 ./Startup/startup_stm32f407vgtx.o
 .ARM.attributes
                0x00000000000000db       0x34 D:/ST/STM32CubeIDE_1.13.2/STM32CubeIDE/plugins/com.st.stm32cube.ide.mcu.externaltools.gnu-tools-for-stm32.11.3.rel1.win32_1.1.1.202309131626/tools/bin/../lib/gcc/arm-none-eabi/11.3.1/../../../../arm-none-eabi/lib/thumb/v7e-m+fp/hard\libc_nano.a(libc_a-init.o)
 .ARM.attributes
                0x000000000000010f       0x1e D:/ST/STM32CubeIDE_1.13.2/STM32CubeIDE/plugins/com.st.stm32cube.ide.mcu.externaltools.gnu-tools-for-stm32.11.3.rel1.win32_1.1.1.202309131626/tools/bin/../lib/gcc/arm-none-eabi/11.3.1/thumb/v7e-m+fp/hard/crtn.o
OUTPUT(SimonSays.elf elf32-littlearm)
LOAD linker stubs
LOAD D:/ST/STM32CubeIDE_1.13.2/STM32CubeIDE/plugins/com.st.stm32cube.ide.mcu.externaltools.gnu-tools-for-stm32.11.3.rel1.win32_1.1.1.202309131626/tools/bin/../lib/gcc/arm-none-eabi/11.3.1/../../../../arm-none-eabi/lib/thumb/v7e-m+fp/hard\libc.a
LOAD D:/ST/STM32CubeIDE_1.13.2/STM32CubeIDE/plugins/com.st.stm32cube.ide.mcu.externaltools.gnu-tools-for-stm32.11.3.rel1.win32_1.1.1.202309131626/tools/bin/../lib/gcc/arm-none-eabi/11.3.1/../../../../arm-none-eabi/lib/thumb/v7e-m+fp/hard\libm.a
LOAD D:/ST/STM32CubeIDE_1.13.2/STM32CubeIDE/plugins/com.st.stm32cube.ide.mcu.externaltools.gnu-tools-for-stm32.11.3.rel1.win32_1.1.1.202309131626/tools/bin/../lib/gcc/arm-none-eabi/11.3.1/thumb/v7e-m+fp/hard\libgcc.a

.comment        0x0000000000000000       0x43
 .comment       0x0000000000000000       0x43 D:/ST/STM32CubeIDE_1.13.2/STM32CubeIDE/plugins/com.st.stm32cube.ide.mcu.externaltools.gnu-tools-for-stm32.11.3.rel1.win32_1.1.1.202309131626/tools/bin/../lib/gcc/arm-none-eabi/11.3.1/thumb/v7e-m+fp/hard/crtbegin.o
                                         0x44 (size before relaxing)
 .comment       0x0000000000000043       0x44 ./Src/main.o
 .comment       0x0000000000000043       0x44 ./Src/uart.o

.debug_info     0x0000000000000000      0xdd6
 .debug_info    0x0000000000000000      0x565 ./Src/main.o
 .debug_info    0x0000000000000565      0x84e ./Src/uart.o
 .debug_info    0x0000000000000db3       0x23 ./Startup/startup_stm32f407vgtx.o

.debug_abbrev   0x0000000000000000      0x3cd
 .debug_abbrev  0x0000000000000000      0x1ce ./Src/main.o
 .debug_abbrev  0x00000000000001ce      0x1ed ./Src/uart.o
 .debug_abbrev  0x00000000000003bb       0x12 ./Startup/startup_stm32f407vgtx.o

.debug_aranges  0x0000000000000000       0xf8
 .debug_aranges
                0x0000000000000000       0x68 ./Src/main.o
 .debug_aranges
                0x0000000000000068       0x68 ./Src/uart.o
 .debug_aranges
                0x00000000000000d0       0x28 ./Startup/startup_stm32f407vgtx.o

.debug_rnglists
                0x0000000000000000       0xb2
 .debug_rnglists
                0x0000000000000000       0x4c ./Src/main.o
 .debug_rnglists
                0x000000000000004c       0x4d ./Src/uart.o
 .debug_rnglists
                0x0000000000000099       0x19 ./Startup/startup_stm32f407vgtx.o

.debug_macro    0x0000000000000000    0x1903d
 .debug_macro   0x0000000000000000      0x227 ./Src/main.o
 .debug_macro   0x0000000000000227      0xab4 ./Src/main.o
 .debug_macro   0x0000000000000cdb       0x22 ./Src/main.o
 .debug_macro   0x0000000000000cfd       0x5b ./Src/main.o
 .debug_macro   0x0000000000000d58       0x2a ./Src/main.o
 .debug_macro   0x0000000000000d82       0x94 ./Src/main.o
 .debug_macro   0x0000000000000e16       0x43 ./Src/main.o
 .debug_macro   0x0000000000000e59       0x34 ./Src/main.o
 .debug_macro   0x0000000000000e8d       0x16 ./Src/main.o
 .debug_macro   0x0000000000000ea3       0x57 ./Src/main.o
 .debug_macro   0x0000000000000efa       0x97 ./Src/main.o
 .debug_macro   0x0000000000000f91      0x369 ./Src/main.o
 .debug_macro   0x00000000000012fa       0xfd ./Src/main.o
 .debug_macro   0x00000000000013f7       0x10 ./Src/main.o
 .debug_macro   0x0000000000001407       0x16 ./Src/main.o
 .debug_macro   0x000000000000141d       0x43 ./Src/main.o
 .debug_macro   0x0000000000001460       0x34 ./Src/main.o
 .debug_macro   0x0000000000001494       0x10 ./Src/main.o
 .debug_macro   0x00000000000014a4       0x58 ./Src/main.o
 .debug_macro   0x00000000000014fc       0x8e ./Src/main.o
 .debug_macro   0x000000000000158a       0x1c ./Src/main.o
 .debug_macro   0x00000000000015a6      0x177 ./Src/main.o
 .debug_macro   0x000000000000171d       0x16 ./Src/main.o
 .debug_macro   0x0000000000001733       0x16 ./Src/main.o
 .debug_macro   0x0000000000001749      0x147 ./Src/main.o
 .debug_macro   0x0000000000001890       0x28 ./Src/main.o
 .debug_macro   0x00000000000018b8       0x2f ./Src/main.o
 .debug_macro   0x00000000000018e7      0x103 ./Src/main.o
 .debug_macro   0x00000000000019ea       0x6a ./Src/main.o
 .debug_macro   0x0000000000001a54      0x1df ./Src/main.o
 .debug_macro   0x0000000000001c33       0x1c ./Src/main.o
 .debug_macro   0x0000000000001c4f       0x22 ./Src/main.o
 .debug_macro   0x0000000000001c71       0xd9 ./Src/main.o
 .debug_macro   0x0000000000001d4a     0x102d ./Src/main.o
 .debug_macro   0x0000000000002d77      0x11f ./Src/main.o
 .debug_macro   0x0000000000002e96    0x15e82 ./Src/main.o
 .debug_macro   0x0000000000018d18       0x6d ./Src/main.o
 .debug_macro   0x0000000000018d85       0x16 ./Src/main.o
 .debug_macro   0x0000000000018d9b       0x22 ./Src/main.o
 .debug_macro   0x0000000000018dbd       0x16 ./Src/main.o
 .debug_macro   0x0000000000018dd3       0x35 ./Src/main.o
 .debug_macro   0x0000000000018e08       0x16 ./Src/main.o
 .debug_macro   0x0000000000018e1e       0x29 ./Src/main.o
 .debug_macro   0x0000000000018e47      0x1f6 ./Src/uart.o

.debug_line     0x0000000000000000     0x1140
 .debug_line    0x0000000000000000      0x8a8 ./Src/main.o
 .debug_line    0x00000000000008a8      0x81d ./Src/uart.o
 .debug_line    0x00000000000010c5       0x7b ./Startup/startup_stm32f407vgtx.o

.debug_str      0x0000000000000000    0x8c375
 .debug_str     0x0000000000000000    0x8bcd3 ./Src/main.o
                                      0x8bed4 (size before relaxing)
 .debug_str     0x000000000008bcd3      0x673 ./Src/uart.o
                                      0x8c318 (size before relaxing)
 .debug_str     0x000000000008c346       0x2f ./Startup/startup_stm32f407vgtx.o
                                         0x51 (size before relaxing)

.debug_frame    0x0000000000000000      0x2ec
 .debug_frame   0x0000000000000000      0x160 ./Src/main.o
 .debug_frame   0x0000000000000160      0x160 ./Src/uart.o
 .debug_frame   0x00000000000002c0       0x2c D:/ST/STM32CubeIDE_1.13.2/STM32CubeIDE/plugins/com.st.stm32cube.ide.mcu.externaltools.gnu-tools-for-stm32.11.3.rel1.win32_1.1.1.202309131626/tools/bin/../lib/gcc/arm-none-eabi/11.3.1/../../../../arm-none-eabi/lib/thumb/v7e-m+fp/hard\libc_nano.a(libc_a-init.o)

.debug_line_str
                0x0000000000000000       0x45
 .debug_line_str
                0x0000000000000000       0x45 ./Startup/startup_stm32f407vgtx.o
                                         0x5d (size before relaxing)
