D:/stm32f4-github/chip_headers/CMSIS/Include/core_cm4.h:1688:22:__NVIC_EnableIRQ	16	static
../Src/uart.c:34:17:compute_uart_div	16	static
../Src/uart.c:38:13:uart_set_baudrate	24	static
../Src/uart.c:42:6:uart2_rx_interrupt_init	8	static
../Src/uart.c:82:6:uart2_tx_interrupt_init	8	static
../Src/uart.c:122:6:uart2_rxtx_init	8	static
../Src/uart.c:159:6:uart2_read	4	static
../Src/uart.c:166:6:uart2_tx_init	8	static
../Src/uart.c:191:6:uart2_write	16	static
../Src/uart.c:202:5:__io_putchar	16	static
